Microchip MPLAB XC8 Compiler V2.40

Linker command line:

-W-3 \
  --edf=D:\Program Files\Microchip\xc8\v2.40\pic\dat\20220703182018_en.msgs \
  -cn -h+dist/default/production\SG90_1778.production.sym \
  --cmf=dist/default/production\SG90_1778.production.cmf -z -Q16F1778 \
  -oC:\Users\hirot\AppData\Local\Temp\xcAsolk.4 --defsym=__MPLAB_BUILD=1 \
  --fixupoverflow=error -Mdist/default/production/SG90_1778.production.map \
  --md=C:\Users\hirot\AppData\Local\Temp\xcAsolk.dat -E1 -ver=XC8 Compiler \
  --acfsm=1493 -ACODE=00h-07FFhx8 -ASTRCODE=00h-03FFFh -ASTRING=00h-0FFhx64 \
  -ACONST=00h-0FFhx64 -AENTRY=00h-0FFhx64 -ACOMMON=070h-07Fh \
  -ABANK0=020h-06Fh -ABANK1=0A0h-0EFh -ABANK2=0120h-016Fh \
  -ABANK3=01A0h-01EFh -ABANK4=0220h-026Fh -ABANK5=02A0h-02EFh \
  -ABANK6=0320h-036Fh -ABANK7=03A0h-03EFh -ABANK8=0420h-046Fh \
  -ABANK9=04A0h-04EFh -ABANK10=0520h-056Fh -ABANK11=05A0h-05EFh \
  -ABANK12=0620h-064Fh -ABANK13=06A0h-06EFh -ABANK14=0720h-076Fh \
  -ABANK15=07A0h-07EFh -ABANK16=0820h-086Fh -ABANK17=08A0h-08EFh \
  -ABANK18=0920h-096Fh -ABANK19=09A0h-09EFh -ABANK20=0A20h-0A6Fh \
  -ABANK21=0AA0h-0AEFh -ABANK22=0B20h-0B6Fh -ABANK23=0BA0h-0BEFh \
  -ABANK24=0C20h-0C6Fh -ABANK25=0CA0h-0CBFh \
  -ABIGRAM=02000h-023EFh,02410h-027EFh \
  -ARAM=020h-06Fh,0A0h-0EFh,0120h-016Fh,01A0h-01EFh,0220h-026Fh,02A0h-02EFh,0320h-036Fh,03A0h-03EFh,0420h-046Fh,04A0h-04EFh,0520h-056Fh,05A0h-05EFh,0620h-064Fh,06A0h-06EFh,0720h-076Fh,07A0h-07EFh,0820h-086Fh,08A0h-08EFh,0920h-096Fh,09A0h-09EFh,0A20h-0A6Fh,0AA0h-0AEFh,0B20h-0B6Fh,0BA0h-0BEFh,0C20h-0C6Fh,0CA0h-0CBFh \
  -AABS1=020h-07Fh,0A0h-0EFh,0120h-016Fh,01A0h-01EFh,0220h-026Fh,02A0h-02EFh,0320h-036Fh,03A0h-03EFh,0420h-046Fh,04A0h-04EFh,0520h-056Fh,05A0h-05EFh,0620h-064Fh,06A0h-06EFh,0720h-076Fh,07A0h-07EFh,0820h-086Fh,08A0h-08EFh,0920h-096Fh,09A0h-09EFh,0A20h-0A6Fh,0AA0h-0AEFh,0B20h-0B6Fh,0BA0h-0BEFh,0C20h-0C6Fh,0CA0h-0CBFh \
  -ASFR0=00h-01Fh -ASFR1=080h-09Fh -ASFR2=0100h-011Fh -ASFR3=0180h-019Fh \
  -ASFR4=0200h-021Fh -ASFR5=0280h-029Fh -ASFR6=0300h-031Fh \
  -ASFR7=0380h-039Fh -ASFR8=0400h-041Fh -ASFR9=0480h-049Fh \
  -ASFR10=0500h-051Fh -ASFR11=0580h-059Fh -ASFR12=0600h-061Fh \
  -ASFR13=0680h-069Fh -ASFR14=0700h-071Fh -ASFR15=0780h-079Fh \
  -ASFR16=0800h-081Fh -ASFR17=0880h-089Fh -ASFR18=0900h-091Fh \
  -ASFR19=0980h-099Fh -ASFR20=0A00h-0A1Fh -ASFR21=0A80h-0A9Fh \
  -ASFR22=0B00h-0B1Fh -ASFR23=0B80h-0B9Fh -ASFR24=0C00h-0C1Fh \
  -ASFR25=0C80h-0C9Fh -ASFR26=0D00h-0D6Fh -ASFR27=0D80h-0DEFh \
  -ASFR28=0E00h-0E6Fh -ASFR29=0E80h-0EEFh -ASFR30=0F00h-0F6Fh \
  -ASFR31=0F80h-0FEFh -ACONFIG=08007h-08008h -DCONFIG=2 \
  -AIDLOC=08000h-08003h -DIDLOC=2 -DCODE=2 -DSTRCODE=2 -DSTRING=2 -DCONST=2 \
  -DENTRY=2 -preset_vec=00h,intentry=04h,init,end_init -ppowerup=CODE \
  -pcinit=CODE -pfunctab=ENTRY -k \
  C:\Users\hirot\AppData\Local\Temp\xcAsolk.o \
  dist/default/production\SG90_1778.production.o 

Object code version is 3.11

Machine type is 16F1778



                Name                               Link     Load   Length Selector   Space Scale
C:\Users\hirot\AppData\Local\Temp\xcAsolk.o
                end_init                             2E       2E        2        8       0
                reset_vec                             0        0        2        0       0
                config                             8007     8007        2        0       4
                idloc                              8000     8000        4        0       5
dist/default/production\SG90_1778.production.o
                cinit                                30       30       15        8       0
                intentry                              4        4       2A        8       0
                config                             8007     8007        2        0       4
                idloc                              8000     8000        4        0       5
                text32                              4C5      4C5       18        8       0
                text31                              54F      54F        4      A8E       0
                text30                              556      556        1      A8E       0
                text29                              54B      54B        4      A8E       0
                text28                              3B4      3B4       39        8       0
                text27                              46E      46E       22        8       0
                text25                              53C      53C        6        8       0
                text24                              553      553        3      A8E       0
                text23                              507      507        B        8       0
                text22                              536      536        6        8       0
                text21                              530      530        6        8       0
                text20                              52A      52A        6        8       0
                text19                              524      524        6        8       0
                text18                              51E      51E        6        8       0
                text17                              33E      33E       3D        8       0
                text16                              4FB      4FB        C        8       0
                text15                              37B      37B       39        8       0
                text14                              4AC      4AC       19        8       0
                text13                              547      547        4      A8E       0
                text12                              4DD      4DD       10        8       0
                text11                              1B3      1B3       84        8       0
                text10                              237      237       71        8       0
                text9                               422      422       28        8       0
                text8                               518      518        6        8       0
                text7                               2FD      2FD       41        8       0
                text6                               44A      44A       24        8       0
                text5                               3ED      3ED       35        8       0
                text4                                45       45       CA        8       0
                text3                               10F      10F       A4        8       0
                text2                               490      490       1C        8       0
                text1                               4ED      4ED        E        8       0
                maintext                            2A8      2A8       55        8       0
                cstackBANK0                          20       20       49       20       1
                cstackCOMMON                         70       70        C       70       1
                clrtext                             512      512        6        8       0
                bssBANK1                             A0       A0       46       A0       1
                bssBANK0                             69       69        7       20       1
                bssCOMMON                            7C       7C        1       70       1
                stringtext1                         542      542        5      A84       0

TOTAL           Name                               Link     Load   Length     Space
        CLASS   CODE           
                end_init                             2E       2E        2         0
                cinit                                30       30       15         0
                intentry                              4        4       2A         0
                reset_vec                             0        0        2         0
                text32                              4C5      4C5       18         0
                text31                              54F      54F        4         0
                text30                              556      556        1         0
                text29                              54B      54B        4         0
                text28                              3B4      3B4       39         0
                text27                              46E      46E       22         0
                text25                              53C      53C        6         0
                text24                              553      553        3         0
                text23                              507      507        B         0
                text22                              536      536        6         0
                text21                              530      530        6         0
                text20                              52A      52A        6         0
                text19                              524      524        6         0
                text18                              51E      51E        6         0
                text17                              33E      33E       3D         0
                text16                              4FB      4FB        C         0
                text15                              37B      37B       39         0
                text14                              4AC      4AC       19         0
                text13                              547      547        4         0
                text12                              4DD      4DD       10         0
                text11                              1B3      1B3       84         0
                text10                              237      237       71         0
                text9                               422      422       28         0
                text8                               518      518        6         0
                text7                               2FD      2FD       41         0
                text6                               44A      44A       24         0
                text5                               3ED      3ED       35         0
                text4                                45       45       CA         0
                text3                               10F      10F       A4         0
                text2                               490      490       1C         0
                text1                               4ED      4ED        E         0
                maintext                            2A8      2A8       55         0
                clrtext                             512      512        6         0

        CLASS   STRCODE        
                stringtext1                         542      542        5         0

        CLASS   STRING         

        CLASS   CONST          

        CLASS   ENTRY          

        CLASS   COMMON         
                cstackCOMMON                         70       70        C         1
                bssCOMMON                            7C       7C        1         1

        CLASS   BANK0          
                cstackBANK0                          20       20       49         1
                bssBANK0                             69       69        7         1

        CLASS   BANK1          
                bssBANK1                             A0       A0       46         1

        CLASS   BANK2          

        CLASS   BANK3          

        CLASS   BANK4          

        CLASS   BANK5          

        CLASS   BANK6          

        CLASS   BANK7          

        CLASS   BANK8          

        CLASS   BANK9          

        CLASS   BANK10         

        CLASS   BANK11         

        CLASS   BANK12         

        CLASS   BANK13         

        CLASS   BANK14         

        CLASS   BANK15         

        CLASS   BANK16         

        CLASS   BANK17         

        CLASS   BANK18         

        CLASS   BANK19         

        CLASS   BANK20         

        CLASS   BANK21         

        CLASS   BANK22         

        CLASS   BANK23         

        CLASS   BANK24         

        CLASS   BANK25         

        CLASS   BIGRAM         

        CLASS   RAM            

        CLASS   ABS1           
                abs_s1                               7E       7E        2         1

        CLASS   SFR0           

        CLASS   SFR1           

        CLASS   SFR2           

        CLASS   SFR3           

        CLASS   SFR4           

        CLASS   SFR5           

        CLASS   SFR6           

        CLASS   SFR7           

        CLASS   SFR8           

        CLASS   SFR9           

        CLASS   SFR10          

        CLASS   SFR11          

        CLASS   SFR12          

        CLASS   SFR13          

        CLASS   SFR14          

        CLASS   SFR15          

        CLASS   SFR16          

        CLASS   SFR17          

        CLASS   SFR18          

        CLASS   SFR19          

        CLASS   SFR20          

        CLASS   SFR21          

        CLASS   SFR22          

        CLASS   SFR23          

        CLASS   SFR24          

        CLASS   SFR25          

        CLASS   SFR26          

        CLASS   SFR27          

        CLASS   SFR28          

        CLASS   SFR29          

        CLASS   SFR30          

        CLASS   SFR31          

        CLASS   CONFIG         
                config                             8007     8007        2         4

        CLASS   IDLOC          
                idloc                              8000     8000        4         5

        CLASS   BANK31         

        CLASS   BANK30         

        CLASS   BANK29         

        CLASS   BANK28         

        CLASS   BANK27         

        CLASS   BANK26         

        CLASS   HEAP           

        CLASS   STACK          

        CLASS   EEDATA         



SEGMENTS        Name                           Load    Length   Top    Selector   Space  Class     Delta

                reset_vec                      000000  000002  000002         0       0  CODE        2
                intentry                       000004  00053E  000542         8       0  CODE        2
                cstackBANK0                    000020  000050  000070        20       1  BANK0       1
                cstackCOMMON                   000070  00000D  00007D        70       1  COMMON      1
                bssBANK1                       0000A0  000046  0000E6        A0       1  BANK1       1
                stringtext1                    000542  000005  000547       A84       0  STRCODE     2
                text13                         000547  000010  000557       A8E       0  CODE        2


UNUSED ADDRESS RANGES

        Name                Unused          Largest block    Delta
        BANK1            000E6-000EF               A           1
        BANK10           00520-0056F              50           1
        BANK11           005A0-005EF              50           1
        BANK12           00620-0064F              30           1
        BANK13           006A0-006EF              50           1
        BANK14           00720-0076F              50           1
        BANK15           007A0-007EF              50           1
        BANK16           00820-0086F              50           1
        BANK17           008A0-008EF              50           1
        BANK18           00920-0096F              50           1
        BANK19           009A0-009EF              50           1
        BANK2            00120-0016F              50           1
        BANK20           00A20-00A6F              50           1
        BANK21           00AA0-00AEF              50           1
        BANK22           00B20-00B6F              50           1
        BANK23           00BA0-00BEF              50           1
        BANK24           00C20-00C6F              50           1
        BANK25           00CA0-00CBF              20           1
        BANK3            001A0-001EF              50           1
        BANK4            00220-0026F              50           1
        BANK5            002A0-002EF              50           1
        BANK6            00320-0036F              50           1
        BANK7            003A0-003EF              50           1
        BANK8            00420-0046F              50           1
        BANK9            004A0-004EF              50           1
        BIGRAM           02000-023EF             3F0           1
                         02410-027EF             3E0
        CODE             00002-00003               2           2
                         00557-03FFF             800
        COMMON           0007D-0007D               1           1
        CONST            00002-00003               2           2
                         00557-03FFF             100
        ENTRY            00002-00003               2           2
                         00557-03FFF             100
        RAM              000E6-000EF               A           1
                         00120-0016F              50
                         001A0-001EF              50
                         00220-0026F              50
                         002A0-002EF              50
                         00320-0036F              50
                         003A0-003EF              50
                         00420-0046F              50
                         004A0-004EF              50
                         00520-0056F              50
                         005A0-005EF              50
                         00620-0064F              30
                         006A0-006EF              50
                         00720-0076F              50
                         007A0-007EF              50
                         00820-0086F              50
                         008A0-008EF              50
                         00920-0096F              50
                         009A0-009EF              50
                         00A20-00A6F              50
                         00AA0-00AEF              50
                         00B20-00B6F              50
                         00BA0-00BEF              50
                         00C20-00C6F              50
                         00CA0-00CBF              20
        SFR0             00000-0001F              20           1
        SFR1             00080-0009F              20           1
        SFR10            00500-0051F              20           1
        SFR11            00580-0059F              20           1
        SFR12            00600-0061F              20           1
        SFR13            00680-0069F              20           1
        SFR14            00700-0071F              20           1
        SFR15            00780-0079F              20           1
        SFR16            00800-0081F              20           1
        SFR17            00880-0089F              20           1
        SFR18            00900-0091F              20           1
        SFR19            00980-0099F              20           1
        SFR2             00100-0011F              20           1
        SFR20            00A00-00A1F              20           1
        SFR21            00A80-00A9F              20           1
        SFR22            00B00-00B1F              20           1
        SFR23            00B80-00B9F              20           1
        SFR24            00C00-00C1F              20           1
        SFR25            00C80-00C9F              20           1
        SFR26            00D00-00D6F              70           1
        SFR27            00D80-00DEF              70           1
        SFR28            00E00-00E6F              70           1
        SFR29            00E80-00EEF              70           1
        SFR3             00180-0019F              20           1
        SFR30            00F00-00F6F              70           1
        SFR31            00F80-00FEF              70           1
        SFR4             00200-0021F              20           1
        SFR5             00280-0029F              20           1
        SFR6             00300-0031F              20           1
        SFR7             00380-0039F              20           1
        SFR8             00400-0041F              20           1
        SFR9             00480-0049F              20           1
        STRCODE          00002-00003               2           2
                         00557-03FFF            3AA9
        STRING           00002-00003               2           2
                         00557-03FFF             100

                                  Symbol Table

?___lodiv                                      cstackBANK0  00020
?___lomod                                      cstackBANK0  00020
?_printf                                       cstackBANK0  00060
?_vfprintf                                     cstackBANK0  00059
EUSART_SetErrorHandler@interruptHandler        cstackCOMMON 00071
EUSART_SetFramingErrorHandler@interruptHandler cstackCOMMON 00071
EUSART_SetOverrunErrorHandler@interruptHandler cstackCOMMON 00071
EUSART_SetRxInterruptHandler@interruptHandler  cstackCOMMON 00071
EUSART_SetTxInterruptHandler@interruptHandler  cstackCOMMON 00071
EUSART_Write@txData                            cstackCOMMON 00072
PWM11_DutyCycleSet@dutyCycleCount              cstackCOMMON 00071
SG90_Duty@duty                                 cstackCOMMON 00073
_ANSELA                                        (abs)        0018C
_ANSELB                                        (abs)        0018D
_ANSELC                                        (abs)        0018E
_BAUD1CON                                      (abs)        0019F
_BORCON                                        (abs)        0009D
_EUSART_DefaultErrorHandler                    text31       0054F
_EUSART_DefaultFramingErrorHandler             text30       00556
_EUSART_DefaultOverrunErrorHandler             text29       0054B
_EUSART_ErrorHandler                           bssBANK1     000BC
_EUSART_FramingErrorHandler                    bssBANK1     000C0
_EUSART_Initialize                             text17       0033E
_EUSART_OverrunErrorHandler                    bssBANK1     000BE
_EUSART_Receive_ISR                            text28       003B4
_EUSART_RxDataHandler                          text32       004C5
_EUSART_RxDefaultInterruptHandler              bssBANK1     000C2
_EUSART_SetErrorHandler                        text22       00536
_EUSART_SetFramingErrorHandler                 text21       00530
_EUSART_SetOverrunErrorHandler                 text20       0052A
_EUSART_SetRxInterruptHandler                  text19       00524
_EUSART_SetTxInterruptHandler                  text18       0051E
_EUSART_Transmit_ISR                           text27       0046E
_EUSART_TxDefaultInterruptHandler              bssBANK1     000C4
_EUSART_Write                                  text9        00422
_INLVLA                                        (abs)        0038C
_INLVLB                                        (abs)        0038D
_INLVLC                                        (abs)        0038E
_INTCONbits                                    (abs)        0000B
_INTERRUPT_InterruptManager                    intentry     00004
_LATA                                          (abs)        0010C
_LATB                                          (abs)        0010D
_LATC                                          (abs)        0010E
_ODCONA                                        (abs)        0028C
_ODCONB                                        (abs)        0028D
_ODCONC                                        (abs)        0028E
_OPTION_REGbits                                (abs)        00097
_OSCCON                                        (abs)        0009B
_OSCILLATOR_Initialize                         text16       004FB
_OSCSTAT                                       (abs)        0009C
_OSCTUNE                                       (abs)        0009A
_PIE1bits                                      (abs)        00091
_PIN_MANAGER_Initialize                        text15       0037B
_PIR1bits                                      (abs)        00011
_PLLR                                          (abs)        004E6
_PWM11CLKCON                                   (abs)        00DBE
_PWM11CON                                      (abs)        00DBB
_PWM11CONbits                                  (abs)        00DBB
_PWM11DCH                                      (abs)        00DB4
_PWM11DCL                                      (abs)        00DB3
_PWM11INTE                                     (abs)        00DBC
_PWM11INTF                                     (abs)        00DBD
_PWM11INTFbits                                 (abs)        00DBD
_PWM11LDCON                                    (abs)        00DBF
_PWM11LDCONbits                                (abs)        00DBF
_PWM11OFCON                                    (abs)        00DC0
_PWM11OFH                                      (abs)        00DB8
_PWM11OFL                                      (abs)        00DB7
_PWM11PHH                                      (abs)        00DB2
_PWM11PHL                                      (abs)        00DB1
_PWM11PRH                                      (abs)        00DB6
_PWM11PRL                                      (abs)        00DB5
_PWM11TMRH                                     (abs)        00DBA
_PWM11TMRL                                     (abs)        00DB9
_PWM11_DutyCycleSet                            text25       0053C
_PWM11_Initialize                              text14       004AC
_PWM11_LoadBufferSet                           text24       00553
_RB2PPS                                        (abs)        00E9A
_RB3PPS                                        (abs)        00E9B
_RC1REG                                        (abs)        00199
_RC1STA                                        (abs)        0019D
_RC1STAbits                                    (abs)        0019D
_RC4PPS                                        (abs)        00EA4
_RXPPS                                         (abs)        00E3D
_SG90_Duty                                     text23       00507
_SLRCONA                                       (abs)        0030C
_SLRCONB                                       (abs)        0030D
_SLRCONC                                       (abs)        0030E
_SP1BRGH                                       (abs)        0019C
_SP1BRGL                                       (abs)        0019B
_SYSTEM_Initialize                             text12       004DD
_TRISA                                         (abs)        0008C
_TRISB                                         (abs)        0008D
_TRISC                                         (abs)        0008E
_TRISE                                         (abs)        00090
_TX1REG                                        (abs)        0019A
_TX1STA                                        (abs)        0019E
_TX1STAbits                                    (abs)        0019E
_WDTCON                                        (abs)        00099
_WDT_Initialize                                text13       00547
_WPUA                                          (abs)        0020C
_WPUB                                          (abs)        0020D
_WPUC                                          (abs)        0020E
_WPUE                                          (abs)        00210
__Habs1                                        abs1         00000
__Hbank0                                       bank0        00000
__Hbank1                                       bank1        00000
__Hbank10                                      bank10       00000
__Hbank11                                      bank11       00000
__Hbank12                                      bank12       00000
__Hbank13                                      bank13       00000
__Hbank14                                      bank14       00000
__Hbank15                                      bank15       00000
__Hbank16                                      bank16       00000
__Hbank17                                      bank17       00000
__Hbank18                                      bank18       00000
__Hbank19                                      bank19       00000
__Hbank2                                       bank2        00000
__Hbank20                                      bank20       00000
__Hbank21                                      bank21       00000
__Hbank22                                      bank22       00000
__Hbank23                                      bank23       00000
__Hbank24                                      bank24       00000
__Hbank25                                      bank25       00000
__Hbank26                                      bank26       00000
__Hbank27                                      bank27       00000
__Hbank28                                      bank28       00000
__Hbank29                                      bank29       00000
__Hbank3                                       bank3        00000
__Hbank30                                      bank30       00000
__Hbank31                                      bank31       00000
__Hbank4                                       bank4        00000
__Hbank5                                       bank5        00000
__Hbank6                                       bank6        00000
__Hbank7                                       bank7        00000
__Hbank8                                       bank8        00000
__Hbank9                                       bank9        00000
__Hbigram                                      bigram       00000
__HbssBANK0                                    bssBANK0     00000
__HbssBANK1                                    bssBANK1     00000
__HbssCOMMON                                   bssCOMMON    00000
__Hcinit                                       cinit        00045
__Hclrtext                                     clrtext      00000
__Hcode                                        code         00000
__Hcommon                                      common       00000
__Hconfig                                      config       08009
__HcstackBANK0                                 cstackBANK0  00000
__HcstackCOMMON                                cstackCOMMON 00000
__Heeprom_data                                 eeprom_data  00000
__Hend_init                                    end_init     00030
__Hfunctab                                     functab      00000
__Hheap                                        heap         00000
__Hidloc                                       idloc        08004
__Hinit                                        init         0002E
__Hintentry                                    intentry     0002E
__Hmaintext                                    maintext     00000
__Hpowerup                                     powerup      00000
__Hram                                         ram          00000
__Hreset_vec                                   reset_vec    00002
__Hsfr0                                        sfr0         00000
__Hsfr1                                        sfr1         00000
__Hsfr10                                       sfr10        00000
__Hsfr11                                       sfr11        00000
__Hsfr12                                       sfr12        00000
__Hsfr13                                       sfr13        00000
__Hsfr14                                       sfr14        00000
__Hsfr15                                       sfr15        00000
__Hsfr16                                       sfr16        00000
__Hsfr17                                       sfr17        00000
__Hsfr18                                       sfr18        00000
__Hsfr19                                       sfr19        00000
__Hsfr2                                        sfr2         00000
__Hsfr20                                       sfr20        00000
__Hsfr21                                       sfr21        00000
__Hsfr22                                       sfr22        00000
__Hsfr23                                       sfr23        00000
__Hsfr24                                       sfr24        00000
__Hsfr25                                       sfr25        00000
__Hsfr26                                       sfr26        00000
__Hsfr27                                       sfr27        00000
__Hsfr28                                       sfr28        00000
__Hsfr29                                       sfr29        00000
__Hsfr3                                        sfr3         00000
__Hsfr30                                       sfr30        00000
__Hsfr31                                       sfr31        00000
__Hsfr4                                        sfr4         00000
__Hsfr5                                        sfr5         00000
__Hsfr6                                        sfr6         00000
__Hsfr7                                        sfr7         00000
__Hsfr8                                        sfr8         00000
__Hsfr9                                        sfr9         00000
__Hspace_0                                     (abs)        00557
__Hspace_1                                     (abs)        000E6
__Hspace_2                                     (abs)        00000
__Hspace_3                                     (abs)        00000
__Hspace_4                                     (abs)        10010
__Hstack                                       stack        00000
__Hstrings                                     strings      00000
__Hstringtext1                                 stringtext1  00000
__Hstringtext2                                 stringtext2  00000
__Htext                                        text         00000
__Labs1                                        abs1         00000
__Lbank0                                       bank0        00000
__Lbank1                                       bank1        00000
__Lbank10                                      bank10       00000
__Lbank11                                      bank11       00000
__Lbank12                                      bank12       00000
__Lbank13                                      bank13       00000
__Lbank14                                      bank14       00000
__Lbank15                                      bank15       00000
__Lbank16                                      bank16       00000
__Lbank17                                      bank17       00000
__Lbank18                                      bank18       00000
__Lbank19                                      bank19       00000
__Lbank2                                       bank2        00000
__Lbank20                                      bank20       00000
__Lbank21                                      bank21       00000
__Lbank22                                      bank22       00000
__Lbank23                                      bank23       00000
__Lbank24                                      bank24       00000
__Lbank25                                      bank25       00000
__Lbank26                                      bank26       00000
__Lbank27                                      bank27       00000
__Lbank28                                      bank28       00000
__Lbank29                                      bank29       00000
__Lbank3                                       bank3        00000
__Lbank30                                      bank30       00000
__Lbank31                                      bank31       00000
__Lbank4                                       bank4        00000
__Lbank5                                       bank5        00000
__Lbank6                                       bank6        00000
__Lbank7                                       bank7        00000
__Lbank8                                       bank8        00000
__Lbank9                                       bank9        00000
__Lbigram                                      bigram       00000
__LbssBANK0                                    bssBANK0     00000
__LbssBANK1                                    bssBANK1     00000
__LbssCOMMON                                   bssCOMMON    00000
__Lcinit                                       cinit        00030
__Lclrtext                                     clrtext      00000
__Lcode                                        code         00000
__Lcommon                                      common       00000
__Lconfig                                      config       00000
__LcstackBANK0                                 cstackBANK0  00000
__LcstackCOMMON                                cstackCOMMON 00000
__Leeprom_data                                 eeprom_data  00000
__Lend_init                                    end_init     0002E
__Lfunctab                                     functab      00000
__Lheap                                        heap         00000
__Lidloc                                       idloc        00000
__Linit                                        init         0002E
__Lintentry                                    intentry     00004
__Lmaintext                                    maintext     00000
__Lpowerup                                     powerup      00000
__Lram                                         ram          00000
__Lreset_vec                                   reset_vec    00000
__Lsfr0                                        sfr0         00000
__Lsfr1                                        sfr1         00000
__Lsfr10                                       sfr10        00000
__Lsfr11                                       sfr11        00000
__Lsfr12                                       sfr12        00000
__Lsfr13                                       sfr13        00000
__Lsfr14                                       sfr14        00000
__Lsfr15                                       sfr15        00000
__Lsfr16                                       sfr16        00000
__Lsfr17                                       sfr17        00000
__Lsfr18                                       sfr18        00000
__Lsfr19                                       sfr19        00000
__Lsfr2                                        sfr2         00000
__Lsfr20                                       sfr20        00000
__Lsfr21                                       sfr21        00000
__Lsfr22                                       sfr22        00000
__Lsfr23                                       sfr23        00000
__Lsfr24                                       sfr24        00000
__Lsfr25                                       sfr25        00000
__Lsfr26                                       sfr26        00000
__Lsfr27                                       sfr27        00000
__Lsfr28                                       sfr28        00000
__Lsfr29                                       sfr29        00000
__Lsfr3                                        sfr3         00000
__Lsfr30                                       sfr30        00000
__Lsfr31                                       sfr31        00000
__Lsfr4                                        sfr4         00000
__Lsfr5                                        sfr5         00000
__Lsfr6                                        sfr6         00000
__Lsfr7                                        sfr7         00000
__Lsfr8                                        sfr8         00000
__Lsfr9                                        sfr9         00000
__Lspace_0                                     (abs)        00000
__Lspace_1                                     (abs)        00000
__Lspace_2                                     (abs)        00000
__Lspace_3                                     (abs)        00000
__Lspace_4                                     (abs)        00000
__Lstack                                       stack        00000
__Lstrings                                     strings      00000
__Lstringtext1                                 stringtext1  00000
__Lstringtext2                                 stringtext2  00000
__Ltext                                        text         00000
__S0                                           (abs)        00557
__S1                                           (abs)        000E6
___heap_hi                                     (abs)        00000
___heap_lo                                     (abs)        00000
___int_sp                                      stack        00000
___latbits                                     (abs)        00003
___lodiv                                       text11       001B3
___lodiv@counter                               cstackCOMMON 0007A
___lodiv@dividend                              cstackBANK0  00028
___lodiv@divisor                               cstackBANK0  00020
___lodiv@quotient                              cstackCOMMON 00072
___lomod                                       text10       00237
___lomod@counter                               cstackCOMMON 00072
___lomod@dividend                              cstackBANK0  00028
___lomod@divisor                               cstackBANK0  00020
___sp                                          stack        00000
___stackhi                                     (abs)        00000
___stacklo                                     (abs)        00000
__end_of_EUSART_DefaultErrorHandler            text31       00553
__end_of_EUSART_DefaultFramingErrorHandler     text30       00557
__end_of_EUSART_DefaultOverrunErrorHandler     text29       0054F
__end_of_EUSART_Initialize                     text17       0037B
__end_of_EUSART_Receive_ISR                    text28       003ED
__end_of_EUSART_RxDataHandler                  text32       004DD
__end_of_EUSART_SetErrorHandler                text22       0053C
__end_of_EUSART_SetFramingErrorHandler         text21       00536
__end_of_EUSART_SetOverrunErrorHandler         text20       00530
__end_of_EUSART_SetRxInterruptHandler          text19       0052A
__end_of_EUSART_SetTxInterruptHandler          text18       00524
__end_of_EUSART_Transmit_ISR                   text27       00490
__end_of_EUSART_Write                          text9        0044A
__end_of_INTERRUPT_InterruptManager            intentry     0002E
__end_of_OSCILLATOR_Initialize                 text16       00507
__end_of_PIN_MANAGER_Initialize                text15       003B4
__end_of_PWM11_DutyCycleSet                    text25       00542
__end_of_PWM11_Initialize                      text14       004C5
__end_of_PWM11_LoadBufferSet                   text24       00556
__end_of_SG90_Duty                             text23       00512
__end_of_SYSTEM_Initialize                     text12       004ED
__end_of_WDT_Initialize                        text13       0054B
__end_of___lodiv                               text11       00237
__end_of___lomod                               text10       002A8
__end_of__initialization                       cinit        00041
__end_of_fputc                                 text7        0033E
__end_of_fputs                                 text6        0046E
__end_of_main                                  maintext     002FD
__end_of_pad                                   text5        00422
__end_of_printf                                text1        004FB
__end_of_putch                                 text8        0051E
__end_of_utoa                                  text4        0010F
__end_of_vfpfcnvrt                             text3        001B3
__end_of_vfprintf                              text2        004AC
__initialization                               cinit        00030
__pbssBANK0                                    bssBANK0     00069
__pbssBANK1                                    bssBANK1     000A0
__pbssCOMMON                                   bssCOMMON    0007C
__pcstackBANK0                                 cstackBANK0  00020
__pcstackCOMMON                                cstackCOMMON 00070
__pintentry                                    intentry     00004
__pmaintext                                    maintext     002A8
__pstringtext1                                 stringtext1  00542
__pstringtext2                                 stringtext2  00000
__ptext1                                       text1        004ED
__ptext10                                      text10       00237
__ptext11                                      text11       001B3
__ptext12                                      text12       004DD
__ptext13                                      text13       00547
__ptext14                                      text14       004AC
__ptext15                                      text15       0037B
__ptext16                                      text16       004FB
__ptext17                                      text17       0033E
__ptext18                                      text18       0051E
__ptext19                                      text19       00524
__ptext2                                       text2        00490
__ptext20                                      text20       0052A
__ptext21                                      text21       00530
__ptext22                                      text22       00536
__ptext23                                      text23       00507
__ptext24                                      text24       00553
__ptext25                                      text25       0053C
__ptext27                                      text27       0046E
__ptext28                                      text28       003B4
__ptext29                                      text29       0054B
__ptext3                                       text3        0010F
__ptext30                                      text30       00556
__ptext31                                      text31       0054F
__ptext32                                      text32       004C5
__ptext4                                       text4        00045
__ptext5                                       text5        003ED
__ptext6                                       text6        0044A
__ptext7                                       text7        002FD
__ptext8                                       text8        00518
__ptext9                                       text9        00422
_dbuf                                          bssBANK1     000C6
_eusartRxBuffer                                bssBANK1     000A8
_eusartRxCount                                 bssBANK0     0006B
_eusartRxHead                                  bssCOMMON    0007C
_eusartRxLastError                             bssBANK0     0006A
_eusartRxStatusBuffer                          bssBANK1     000A0
_eusartRxTail                                  bssBANK0     0006C
_eusartTxBuffer                                bssBANK1     000B0
_eusartTxBufferRemaining                       bssBANK0     0006D
_eusartTxHead                                  bssBANK0     0006F
_eusartTxTail                                  bssBANK0     0006E
_flags                                         bssBANK0     00069
_fputc                                         text7        002FD
_fputs                                         text6        0044A
_main                                          maintext     002A8
_pad                                           text5        003ED
_prec                                          bssBANK1     000BA
_printf                                        text1        004ED
_putch                                         text8        00518
_utoa                                          text4        00045
_vfpfcnvrt                                     text3        0010F
_vfprintf                                      text2        00490
_width                                         bssBANK1     000B8
btemp                                          (abs)        0007E
clear_ram0                                     clrtext      00512
end_of_initialization                          cinit        00041
fputc@c                                        cstackCOMMON 00074
fputc@fp                                       cstackCOMMON 00076
fputs@c                                        cstackBANK0  00024
fputs@fp                                       cstackBANK0  00020
fputs@i                                        cstackBANK0  00025
fputs@s                                        cstackBANK0  00023
int$flags                                      (abs)        0007E
intlevel0                                      functab      00000
intlevel1                                      functab      00000
intlevel2                                      functab      00000
intlevel3                                      functab      00000
intlevel4                                      functab      00000
intlevel5                                      functab      00000
main@duty                                      cstackBANK0  00067
main@flag                                      cstackBANK0  00065
pad@buf                                        cstackBANK0  00027
pad@fp                                         cstackBANK0  0002F
pad@i                                          cstackBANK0  0002B
pad@p                                          cstackBANK0  00028
pad@w                                          cstackBANK0  0002D
printf@ap                                      cstackBANK0  00064
printf@fmt                                     cstackBANK0  00060
putch@data                                     cstackCOMMON 00073
reset_vec                                      reset_vec    00000
start                                          init         0002E
start_initialization                           cinit        00030
utoa@d                                         cstackBANK0  00030
utoa@fp                                        cstackBANK0  0003B
utoa@i                                         cstackBANK0  00046
utoa@n                                         cstackBANK0  0003E
utoa@p                                         cstackBANK0  0003C
utoa@w                                         cstackBANK0  00039
vfpfcnvrt@ap                                   cstackBANK0  00049
vfpfcnvrt@convarg                              cstackBANK0  0004E
vfpfcnvrt@cp                                   cstackBANK0  00057
vfpfcnvrt@fmt                                  cstackBANK0  00048
vfpfcnvrt@fp                                   cstackBANK0  00056
vfprintf@ap                                    cstackBANK0  0005B
vfprintf@cfmt                                  cstackBANK0  0005E
vfprintf@fmt                                   cstackBANK0  00059
vfprintf@fp                                    cstackBANK0  0005D
wtemp0                                         (abs)        0007E


MODULE INFORMATION

Module		Function		Class		Link	Load	Size
D:\Program Files\Microchip\xc8\v2.40\pic\sources\c99\common\lodiv.c
		___lodiv       		CODE           	01B3	0000	132

D:\Program Files\Microchip\xc8\v2.40\pic\sources\c99\common\lodiv.c estimated size: 132

mcc_generated_files/interrupt_manager.c
		_INTERRUPT_InterruptManager		CODE           	0004	0000	42

mcc_generated_files/interrupt_manager.c estimated size: 42

D:\Program Files\Microchip\xc8\v2.40\pic\sources\c99\common\printf.c
		_printf        		CODE           	04ED	0000	14

D:\Program Files\Microchip\xc8\v2.40\pic\sources\c99\common\printf.c estimated size: 14

D:\Program Files\Microchip\xc8\v2.40\pic\sources\c99\common\nf_fputs.c
		_fputs         		CODE           	044A	0000	36

D:\Program Files\Microchip\xc8\v2.40\pic\sources\c99\common\nf_fputs.c estimated size: 36

SG90.c
		_SG90_Duty     		CODE           	0507	0000	11

SG90.c estimated size: 11

mcc_generated_files/pwm11.c
		_PWM11_DutyCycleSet		CODE           	053C	0000	6
		_PWM11_Initialize		CODE           	04AC	0000	25
		_PWM11_LoadBufferSet		CODE           	0553	0000	3

mcc_generated_files/pwm11.c estimated size: 34

mcc_generated_files/pin_manager.c
		_PIN_MANAGER_Initialize		CODE           	037B	0000	57

mcc_generated_files/pin_manager.c estimated size: 57

D:\Program Files\Microchip\xc8\v2.40\pic\sources\c99\common\doprnt.c
		_vfpfcnvrt     		CODE           	010F	0000	164
		_pad           		CODE           	03ED	0000	53
		_vfprintf      		CODE           	0490	0000	28
		_utoa          		CODE           	0045	0000	202

D:\Program Files\Microchip\xc8\v2.40\pic\sources\c99\common\doprnt.c estimated size: 447

shared
		__initialization		CODE           	0030	0000	17

shared estimated size: 17

D:\Program Files\Microchip\xc8\v2.40\pic\sources\c99\common\nf_fputc.c
		_fputc         		CODE           	02FD	0000	65

D:\Program Files\Microchip\xc8\v2.40\pic\sources\c99\common\nf_fputc.c estimated size: 65

mcc_generated_files/mcc.c
		_WDT_Initialize		CODE           	0547	0000	4
		_OSCILLATOR_Initialize		CODE           	04FB	0000	12
		_SYSTEM_Initialize		CODE           	04DD	0000	16

mcc_generated_files/mcc.c estimated size: 32

D:\Program Files\Microchip\xc8\v2.40\pic\sources\c99\common\lomod.c
		___lomod       		CODE           	0237	0000	113

D:\Program Files\Microchip\xc8\v2.40\pic\sources\c99\common\lomod.c estimated size: 113

mcc_generated_files/eusart.c
		_EUSART_SetRxInterruptHandler		CODE           	0524	0000	6
		_EUSART_SetTxInterruptHandler		CODE           	051E	0000	6
		_EUSART_DefaultOverrunErrorHandler		CODE           	054B	0000	4
		_EUSART_Write  		CODE           	0422	0000	40
		_EUSART_DefaultErrorHandler		CODE           	054F	0000	4
		_EUSART_Transmit_ISR		CODE           	046E	0000	34
		_EUSART_Initialize		CODE           	033E	0000	61
		_EUSART_SetFramingErrorHandler		CODE           	0530	0000	6
		_EUSART_SetErrorHandler		CODE           	0536	0000	6
		_EUSART_SetOverrunErrorHandler		CODE           	052A	0000	6
		_EUSART_Receive_ISR		CODE           	03B4	0000	57
		_EUSART_RxDataHandler		CODE           	04C5	0000	24
		_EUSART_DefaultFramingErrorHandler		CODE           	0556	0000	1

mcc_generated_files/eusart.c estimated size: 255

main.c
		_putch         		CODE           	0518	0000	6
		_main          		CODE           	02A8	0000	85

main.c estimated size: 91

